{
    "Example": "Mock translation of 'Example' to 'uk'",
    "apple": "Mock translation of 'Apple example' to 'uk'",
    "zebra": "Mock translation of 'Zebra example' to 'uk'"
}
