{
    "Example": "Mock translation of 'Example' to 'pl'",
    "apple": "Mock translation of 'Apple example' to 'pl'",
    "zebra": "Mock translation of 'Zebra example' to 'pl'"
}
