{
    "goodbye": "Goodbye World",
    "hello": "Hello World"
}