{
    "goodbye": "Au revoir",
    "hello": "Bonjour le monde"
}