{
    "Example": "Mock translation of 'Example' to 'pt'",
    "apple": "Mock translation of 'Apple example' to 'pt'",
    "zebra": "Mock translation of 'Zebra example' to 'pt'"
}
