{
    "goodbye": "Auf Wiedersehen",
    "hello": "Hallo Welt"
}