{
    "hello": "Hello World",
    "goodbye": "Goodbye World",
    "testKey": "This key will be removed"
}