{
    "Example": "Mock translation of 'Example' to 'fr'",
    "apple": "Mock translation of 'Apple example' to 'fr'",
    "zebra": "Mock translation of 'Zebra example' to 'fr'"
}
